// Jest Snapshot v1, https://goo.gl/fbAQLP

exports[`It should assert difference between two UserItems 1`] = `
"Snapshot Diff:
- <UserItem name=\\"Jakub\\" username=\\"jayu\\" />
+ <UserItem name=\\"Mathew\\" username=\\"math\\" />

@@ -2,14 +2,14 @@
    className=\\"userContainer\\"
  >
    <span
      className=\\"primary \\"
    >
-     Jakub
+     Mathew
    </span>
    <span
      className=\\"secondary userName\\"
    >
      @
-     jayu
+     math
    </span>
  </span>"
`;
